====================================================================================================
H1 — FIRST-PRINCIPLES LABEL RECONSTRUCTION FROM OHLCV
====================================================================================================
  clean panel rows=353,548  raw sidecar rows=725,115
  clean fwd_60d_excess: mean=+0.04330 std=1.01845 min=-4.5697 max=+13.0107
  raw   fwd_60d_excess_raw: mean=+0.01221 std=0.18527 min=-0.7697 max=+29.1118

  RECONSTRUCTION: excess_fwd60(d) = (P[t+60]/P[t]-1) - (SPY[t+60]/SPY[t]-1)
  on the ticker's own trading-day index (offset = +60 rows, forward).

   ticker         date   recon_+60  raw_stored  clean_stored   recon_-60   recon_+59   recon_+61
     AAPL   2019-03-15    +0.01971    +0.01971      +0.23199    -0.02692    +0.00748    +0.01819
     AAPL   2021-06-10    +0.15397    +0.15397      +1.10640    +0.06111    +0.14855    +0.17674
     AAPL   2023-11-02    -0.08253    -0.08253      -0.65611    -0.03131    -0.08063    -0.08335
     AAPL   2024-07-01    -0.00091    -0.00091      -0.14493    -0.16196    +0.00139    +0.00025
     AAPL   2025-02-14    -0.09198    -0.09198      -0.84850    -0.04085    -0.09442    -0.09567
     MSFT   2019-03-15    +0.11270    +0.11270      +1.00835    -0.02008    +0.11676    +0.10925
     MSFT   2021-06-10    +0.10109    +0.10109      +0.75798    -0.01053    +0.10087    +0.10118
     MSFT   2023-11-02    +0.02043    +0.02043      -0.06333    -0.10970    +0.03344    +0.02355
     MSFT   2024-07-01    -0.09920    -0.09920      -0.79921    -0.02589    -0.10795    -0.10509
     MSFT   2025-02-14    +0.13717    +0.13717      +1.17275    +0.05537    +0.14378    +0.14524
     NVDA   2019-03-15    -0.13922    -0.13922      -1.09497    -0.06222    -0.15314    -0.16421
     NVDA   2021-06-10    +0.24136    +0.24136      +1.68229    -0.17184    +0.21545    +0.23480
     NVDA   2023-11-02    +0.29322    +0.29322      +1.50728    -0.05668    +0.30329    +0.31303
     NVDA   2024-07-01    -0.05165    -0.05165      -0.48268    -0.24972    -0.07520    -0.05153
     NVDA   2025-02-14    -0.02675    -0.02675      -0.27309    +0.06182    -0.07034    +0.01098
      JPM   2019-03-15    +0.01178    +0.01178      +0.16578    +0.02148    +0.00834    +0.00036
      JPM   2021-06-10    -0.07524    -0.07524      -0.40391    +0.02244    -0.06945    -0.07316
      JPM   2023-11-02    +0.11193    +0.11193      +0.46348    +0.05267    +0.10684    +0.09280
      JPM   2024-07-01    -0.02222    -0.02222      -0.28680    +0.01147    -0.01772    -0.02836
      JPM   2025-02-14    -0.01160    -0.01160      -0.13951    -0.07381    -0.01599    -0.00333
      XOM   2019-03-15    -0.09323    -0.09323      -0.71098    +0.01601    -0.09261    -0.10152
      XOM   2021-06-10    -0.19515    -0.19515      -1.19399    +0.00738    -0.19206    -0.19642
      XOM   2023-11-02    -0.17874    -0.17874      -1.20999    -0.03067    -0.17863    -0.19726
      XOM   2024-07-01    -0.04695    -0.04695      -0.45138    +0.10058    -0.02942    -0.06823
      XOM   2025-02-14    +0.04877    +0.04877      +0.39298    +0.14155    +0.05231    +0.03848
       KO   2019-03-15    +0.10613    +0.10613      +0.95354    +0.15913    +0.10699    +0.11479
       KO   2021-06-10    -0.05490    -0.05490      -0.26989    -0.01849    -0.05445    -0.07004
       KO   2023-11-02    -0.07896    -0.07896      -0.63552    +0.03474    -0.09037    -0.06753
       KO   2024-07-01    +0.08382    +0.08382      +0.41906    -0.00372    +0.07961    +0.07888
       KO   2025-02-14    +0.03880    +0.03880      +0.30509    -0.06425    +0.05339    +0.04047

  EXACT (<1e-6) matches to the stored RAW label out of n=30 probes:
    forward +60 rows : 30      backward -60 rows: 0
    forward +59 rows : 0      forward  +61 rows: 0

====================================================================================================
H1b — CLEAN (standardised) vs RAW sidecar: same date alignment?
====================================================================================================
  inner-join rows=353,548  (clean=353,548, raw=725,115)
  clean tickers=142 raw tickers=292 joined tickers=142
  clean dates 2016-01-04..2026-04-28; raw dates 2016-01-04..2026-04-28; joined 2016-01-04..2026-04-28
  corr(L_clean,L_rawraw) same (date,ticker): pearson=0.942346 spearman=0.971300 n=353,548
  corr(L_clean,L_rawstd) same (date,ticker): pearson=1.000000 spearman=1.000000 n=353,548
  per-ticker shifted spearman (L_clean_t vs L_rawraw_{t+k}) - peak MUST be at k=0:
    k=-2: mean spearman=nan over 142 tickers
    k=-1: mean spearman=nan over 142 tickers
    k=+0: mean spearman=nan over 142 tickers
    k=+1: mean spearman=nan over 142 tickers
    k=+2: mean spearman=nan over 142 tickers
