====================================================================================================
H5 — JOIN + KEY INTEGRITY
====================================================================================================
  panel duplicate (date,ticker) rows          : 0
  panel rows / dates / tickers                : 353,548 / 2594 / 142
  panel date range                            : 2016-01-04 .. 2026-04-28
  last date with non-null fwd_60d_excess      : 2026-04-28
  non-null fwd_60d_excess rows                : 353,548 (100.0%)
  panel dates=2594  business days in range=2692  ratio=0.9636  (gaps = market holidays -> axis is trading-day contiguous)
  consecutive panel-date gaps: max=4d, count>5d=0  (weekend=3d)
  PatchTST  score rows=88,750 dates=625 tickers=142 dup(date,ticker)=0
  PatchTST  score dates 2023-10-03..2026-03-31; score dates NOT in panel = 0; tickers NOT in panel = 0
  prodXGB   score rows=147,066 dates=508 tickers=292 dup(date,ticker)=0
  prodXGB   score dates 2024-02-02..2026-02-11; score dates NOT in panel = 0; tickers NOT in panel = 150

====================================================================================================
H2 — WHAT WINDOW DOES 'label lag L' ACTUALLY CORRELATE?
====================================================================================================
  lag=  0: Yl.loc[2017-03-14] == Ym.loc[2017-03-14] ? 0.38682540412710387 vs 0.38682540412710387 -> MATCH   (panel rows apart = 0)
  lag= 60: Yl.loc[2017-03-14] == Ym.loc[2017-06-08] ? 0.3317629290937331 vs 0.3317629290937331 -> MATCH   (panel rows apart = 60)
  lag=100: Yl.loc[2017-03-14] == Ym.loc[2017-08-04] ? 0.044386273203705154 vs 0.044386273203705154 -> MATCH   (panel rows apart = 100)
  => score_t is correlated with fwd_60d_excess measured at row t+L,
     i.e. the excess return over the window (t+L, t+L+60] trading days.
     For L>=60 that window does NOT overlap the trained window (t, t+60].

====================================================================================================
H3 — SURVIVORSHIP / COMPOSITION IN THE LAG WINDOWS  [DECISIVE]
====================================================================================================

  --- PatchTST --- (label fwd_60d_excess)
  dates surviving ALL lags (== the lag160 date set): 484 [2023-10-03 .. 2025-09-08]
    lag  n_dates     lastdate   IC_full  t_full   IC_COMMON  t_common
      0      625   2026-03-31   +0.0278   +1.22     +0.0409     +1.53
     20      624   2026-03-30   +0.0359   +1.50     +0.0485     +1.76
     40      604   2026-03-02   +0.0525   +2.11     +0.0522     +1.87
     60      584   2026-01-30   +0.0705   +2.66     +0.0637     +2.15
     80      564   2025-12-31   +0.0724   +2.91     +0.0590     +2.14
    100      544   2025-12-02   +0.0784   +3.21     +0.0613     +2.42
    120      524   2025-11-03   +0.0715   +2.90     +0.0629     +2.43
    140      504   2025-10-06   +0.0518   +2.25     +0.0508     +2.15
    160      484   2025-09-08   +0.0453   +2.05     +0.0453     +2.05
  RISE lag0->lag100 :  full-sample +0.0505   COMMON-sample +0.0203   (60% of the rise is composition)
  lag-0 per-date IC by calendar year of the SCORE date:
      2023: mean IC=+0.1628  n_dates=62
      2024: mean IC=-0.0089  n_dates=252
      2025: mean IC=+0.0276  n_dates=250
      2026: mean IC=+0.0763  n_dates=61
  lag-0 IC on dates KEPT by lag160 : +0.0432 (n=484)
  lag-0 IC on dates DROPPED by lag160: -0.0109 (n=141)  [2025-09-09..2026-03-31]

  --- prodXGB --- (label fwd_60d_excess)
  dates surviving ALL lags (== the lag160 date set): 400 [2024-02-02 .. 2025-09-08]
    lag  n_dates     lastdate   IC_full  t_full   IC_COMMON  t_common
      0      508   2026-02-11   +0.0689   +1.92     +0.0877     +2.01
     20      508   2026-02-11   +0.0737   +2.28     +0.0746     +1.92
     40      508   2026-02-11   +0.0880   +2.82     +0.0697     +1.98
     60      500   2026-01-30   +0.0795   +2.48     +0.0642     +1.82
     80      480   2025-12-31   +0.0756   +2.28     +0.0508     +1.41
    100      460   2025-12-02   +0.0750   +2.06     +0.0422     +1.13
    120      440   2025-11-03   +0.0789   +2.11     +0.0561     +1.48
    140      420   2025-10-06   +0.0835   +2.22     +0.0789     +1.99
    160      400   2025-09-08   +0.0889   +1.97     +0.0889     +1.97
  RISE lag0->lag100 :  full-sample +0.0061   COMMON-sample -0.0456   (844% of the rise is composition)
  lag-0 per-date IC by calendar year of the SCORE date:
      2024: mean IC=+0.0064  n_dates=230
      2025: mean IC=+0.1424  n_dates=250
      2026: mean IC=+0.0030  n_dates=28
  lag-0 IC on dates KEPT by lag160 : +0.0998 (n=400)
  lag-0 IC on dates DROPPED by lag160: -0.0255 (n=108)  [2025-09-09..2026-02-11]
