========================================================================================================
H7 — NULL CALIBRATION OF THE CLOSE DECISION STATISTIC
========================================================================================================
  null = ONE global ticker-identity permutation of the score matrix
         (persistence preserved EXACTLY; score<->label signal destroyed)
  300 seeds; statistic + block aggregation identical to closure.py
    PatchTST: 150/300
    PatchTST: 300/300

  --- PatchTST ---
     L   obs diff  obs t_blk |   null diff SD  null t MEAN  null t SD  null |t|>1 %  P(null<=obs)
    20   -0.01291      -1.18 |        0.00662        -0.02       0.93         25.3%        0.0300
    40   -0.03484      -1.72 |        0.01114        +0.05       1.06         33.0%        0.0000
    60   -0.05557      -2.31 |        0.01308        +0.06       1.17         38.3%        0.0000
    80   -0.05665      -2.41 |        0.01351        +0.05       1.21         39.3%        0.0000
   P(null<=obs) for PatchTST (one-sided, the CLOSE direction); P(null>=obs) for prodXGB (control direction).
    prodXGB: 150/300
    prodXGB: 300/300

  --- prodXGB ---
     L   obs diff  obs t_blk |   null diff SD  null t MEAN  null t SD  null |t|>1 %  P(null<=obs)
    20   +0.00950      +0.87 |        0.00843        +0.05       1.09         30.7%        0.1200
    40   +0.01461      +0.70 |        0.01442        +0.10       1.24         41.3%        0.1633
    60   +0.02899      +1.23 |        0.01701        +0.07       1.40         40.0%        0.0467
    80   +0.04226      +1.91 |        0.01800        +0.01       1.39         44.3%        0.0033
   P(null<=obs) for PatchTST (one-sided, the CLOSE direction); P(null>=obs) for prodXGB (control direction).

========================================================================================================
CALIBRATION READ-OUT
========================================================================================================
  PatchTST : null SD of block-t = 0.93..1.21 (a calibrated t has SD~1.0); P(|t|>1.0) under the null = 25%..39% (calibrated ~32%)
  prodXGB  : null SD of block-t = 1.09..1.40 (a calibrated t has SD~1.0); P(|t|>1.0) under the null = 31%..44% (calibrated ~32%)
