================================================================================================================
(A) PatchTST — EXACT DECOMPOSITION OF closure.py's 'REAL - persistence' STATISTIC
================================================================================================================
     L  closure diff   = ERA term   + LAG term  ERA share  score dates: REAL arm / PERSIST arm
    20      -0.01111     -0.00278     -0.00833        25%   [20:625] / [0:605]
    40      -0.03002     -0.00621     -0.02381        21%   [40:625] / [0:585]
    60      -0.04879     -0.00924     -0.03955        19%   [60:625] / [0:565]
    80      -0.05170     -0.01460     -0.03710        28%   [80:625] / [0:545]

================================================================================================================
(B) PatchTST — PAIRED LAG TEST ON A FIXED SCORE-DATE SET (same score date in both terms)
================================================================================================================
  fixed score-date set = dates valid at ALL lags [0, 20, 40, 60, 80, 100, 120, 140, 160]: n=484 [2023-10-03..2025-09-08]
    lag  IC (fixed set)   paired D=IC0-ICL   t_block  n_blk   null D SD  P(null<=D)
    ...null 150/300
    ...null 300/300
      0         +0.0432           +0.00000      +nan      9     0.00000      1.0000
     20         +0.0518           +0.01169     +0.30      9     0.00718      0.9500
     40         +0.0526           +0.01690     +0.23      9     0.01179      0.9267
     60         +0.0627           +0.00906     +0.11      9     0.01461      0.7200
     80         +0.0586           +0.01357     +0.17      9     0.01613      0.7833
    100         +0.0619           -0.00655     -0.09      9     0.01722      0.3500
    120         +0.0608           -0.03750     -0.51      9     0.01743      0.0100
    140         +0.0485           -0.02475     -0.37      9     0.01736      0.0833
    160         +0.0445           +0.00821     +0.15      9     0.01760      0.6600
  D<0 means the FAR window is predicted BETTER than the near window.
  P is one-sided P(null D <= observed D) under the persistence-preserving null.

================================================================================================================
(A) prodXGB — EXACT DECOMPOSITION OF closure.py's 'REAL - persistence' STATISTIC
================================================================================================================
     L  closure diff   = ERA term   + LAG term  ERA share  score dates: REAL arm / PERSIST arm
    20      +0.01374     +0.01029     +0.00345        75%   [20:508] / [0:488]
    40      +0.02863     +0.00847     +0.02016        30%   [40:508] / [0:468]
    60      +0.03590     +0.00049     +0.03541         1%   [60:508] / [0:448]
    80      +0.05097     +0.00479     +0.04618         9%   [80:508] / [0:428]

================================================================================================================
(B) prodXGB — PAIRED LAG TEST ON A FIXED SCORE-DATE SET (same score date in both terms)
================================================================================================================
  fixed score-date set = dates valid at ALL lags [0, 20, 40, 60, 80, 100, 120, 140, 160]: n=400 [2024-02-02..2025-09-08]
    lag  IC (fixed set)   paired D=IC0-ICL   t_block  n_blk   null D SD  P(null<=D)
    ...null 150/300
    ...null 300/300
      0         +0.0998           +0.00000      +nan      7     0.00000      1.0000
     20         +0.0891           +0.01792     +0.41      7     0.00978      0.9667
     40         +0.0731           +0.03971     +0.63      7     0.01607      1.0000
     60         +0.0651           +0.04963     +0.55      7     0.02038      0.9933
     80         +0.0521           +0.06355     +0.51      7     0.02271      0.9967
    100         +0.0475           +0.06697     +0.57      7     0.02429      1.0000
    120         +0.0548           +0.04942     +0.47      7     0.02656      0.9633
    140         +0.0746           +0.01893     +0.18      7     0.02786      0.7467
    160         +0.0815           +0.01265     +0.13      7     0.02823      0.6667
  D<0 means the FAR window is predicted BETTER than the near window.
  P is one-sided P(null D <= observed D) under the persistence-preserving null.

