============================================================================================================
PatchTST — PAIRED LAG CONTRAST ON THE FIXED SCORE-DATE SET (consistent estimator)
============================================================================================================
  fixed set n=484 score dates [2023-10-03..2025-09-08]
    lag   IC(fixed)   RISE = ICL-IC0   t_block   null SD       z  P(null>=obs)
      0     +0.0432         +0.00000      +nan   0.00000    +nan        1.0000
     20     +0.0518         +0.00854     -0.30   0.00718   +1.26        0.1133
     40     +0.0526         +0.00936     -0.23   0.01179   +0.87        0.1900
     60     +0.0627         +0.01947     -0.11   0.01461   +1.38        0.0867
     80     +0.0586         +0.01539     -0.17   0.01613   +0.98        0.1533
    100     +0.0619         +0.01863     +0.09   0.01722   +1.10        0.1367
    120     +0.0608         +0.01760     +0.51   0.01743   +1.04        0.1433
    140     +0.0485         +0.00528     +0.37   0.01736   +0.35        0.3667
    160     +0.0445         +0.00122     -0.15   0.01760   +0.11        0.4600

  SENSITIVITY — paired contrast ICL-IC0 vs the END of the score-date window
  (window = corpus[0:end]; a robust effect is flat across `end`)
     end   last score date      L=40      L=60      L=80     L=100
     300        2024-12-10   -0.0429   -0.0298   -0.0056   +0.0178
     340        2025-02-10   +0.0247   +0.0585   +0.0717   +0.0774
     380        2025-04-08   +0.0422   +0.0653   +0.0724   +0.0782
     420        2025-06-05   +0.0348   +0.0557   +0.0549   +0.0556
     460        2025-08-04   +0.0244   +0.0364   +0.0309   +0.0310
     500        2025-09-30   +0.0034   +0.0123   +0.0105   +0.0224
     540        2025-11-25   +0.0012   +0.0216   +0.0338   +0.0451
     580        2026-01-26   +0.0227   +0.0427   +0.0455   +0.0459
     620        2026-03-24   +0.0210   +0.0420   +0.0455   +0.0459
    L= 40: range over windows = [-0.0429, +0.0422]  sign flips = 1
    L= 60: range over windows = [-0.0298, +0.0653]  sign flips = 1
    L= 80: range over windows = [-0.0056, +0.0724]  sign flips = 1
    L=100: range over windows = [+0.0178, +0.0782]  sign flips = 0

============================================================================================================
prodXGB — PAIRED LAG CONTRAST ON THE FIXED SCORE-DATE SET (consistent estimator)
============================================================================================================
  fixed set n=400 score dates [2024-02-02..2025-09-08]
    lag   IC(fixed)   RISE = ICL-IC0   t_block   null SD       z  P(null>=obs)
      0     +0.0998         +0.00000      +nan   0.00000    +nan        1.0000
     20     +0.0891         -0.01069     -0.41   0.00978   -1.10        0.8567
     40     +0.0731         -0.02670     -0.63   0.01607   -1.66        0.9467
     60     +0.0651         -0.03462     -0.55   0.02038   -1.69        0.9567
     80     +0.0521         -0.04769     -0.51   0.02271   -2.07        0.9867
    100     +0.0475         -0.05227     -0.57   0.02429   -2.09        0.9833
    120     +0.0548         -0.04496     -0.47   0.02656   -1.62        0.9467
    140     +0.0746         -0.02519     -0.18   0.02786   -0.86        0.8067
    160     +0.0815         -0.01826     -0.13   0.02823   -0.62        0.7467

  SENSITIVITY — paired contrast ICL-IC0 vs the END of the score-date window
  (window = corpus[0:end]; a robust effect is flat across `end`)
     end   last score date      L=40      L=60      L=80     L=100
     300        2025-04-14   +0.0317   +0.0456   +0.0579   +0.0658
     340        2025-06-11   +0.0127   +0.0178   +0.0123   +0.0066
     380        2025-08-08   -0.0142   -0.0223   -0.0334   -0.0440
     420        2025-10-06   -0.0322   -0.0432   -0.0515   -0.0383
     460        2025-12-02   -0.0274   -0.0236   -0.0162   -0.0054
     500        2026-01-30   +0.0077   +0.0070   -0.0015   -0.0054
    L= 40: range over windows = [-0.0322, +0.0317]  sign flips = 2
    L= 60: range over windows = [-0.0432, +0.0456]  sign flips = 2
    L= 80: range over windows = [-0.0515, +0.0579]  sign flips = 1
    L=100: range over windows = [-0.0440, +0.0658]  sign flips = 1

