
GOAL-4 Phase-0 null calibration — doc/research/data/2026-07-30-goal4-phase0-ensemble-gain/per_date_g_real.csv
  n=508  mean_g=-0.008550  sd=0.054846
  measured autocorrelation of the per-date statistic: r1=+0.732  r5=+0.573  r10=+0.446  r20=+0.202  r40=-0.053  r60=-0.202  r90=-0.033  r120=+0.052

EXECUTED geometry: L=60 gap=0 -> 8 blocks, crossing 1.000, bar used 2.3646
    b  blocks  student    SIZE  iid base   EXCESS  P95_boot
   20       8   2.3646  0.0563    0.0560  +0.0003    2.4348
   40       8   2.3646  0.0720    0.0483  +0.0237    2.6542
   60       8   2.3646  0.0848    0.0520  +0.0328    2.9922
   90       8   2.3646  0.0653    0.0397  +0.0257    2.6485
  120       8   2.3646  0.0500    0.0117  +0.0383    2.3639

REPAIRED geometries (gap >= h), same series, b = 60
          design  blocks  cross  student    SIZE  iid base   EXCESS
     L=60 gap=60       4  0.000   3.1824  0.0720    0.0527  +0.0193
     L=40 gap=60       5  0.000   2.7764  0.0613    0.0560  +0.0053
     L=30 gap=60       5  0.000   2.7764  0.0657    0.0613  +0.0043

MDE in the screen's own gain units (IC), at the BOOTSTRAP-calibrated bar
  executed L=60 gap=0    bar= 2.8777  MDE=0.04509
  repaired L=60 gap=60   bar= 3.6566  MDE=0.08234
  repaired L=30 gap=60   bar= 3.1817  MDE=0.08321

wrote doc/research/data/2026-07-31-goal4-null-calibration/calibration.json
